Building for production...
[0/2] Write swift-version--33285C21BD41A109.txt
Build of product 'compare' complete! (0.13s)
--- Settings ---
Input frames   : 1802
Resolution     : 1080x450
Target Bitrate : 1000 kbps
Target FPS     : 60
Quality Check  : true
----------------
Warming up (5 frames)...
  -> runVEVC Encoding...
  -> runVEVC Encoded 35048 bytes
  -> runVEVC Decoding...
  -> runVEVC Decoded 5 frames
Warmup complete.

Running vevc (layers)...
  -> runVEVC Encoding...
  -> runVEVC Encoded 4243070 bytes
  -> runVEVC Decoding...
  -> runVEVC Decoded 1802 frames

--- Results ---
[VEVC (Layers)]
  Encode : 3829.05 ms (470.61 fps) - 2.12 ms / frame
  Decode :  517.03 ms (3485.30 fps) - 0.29 ms / frame
  Size   : 4143.62 KB (0.16% of raw 2565738.28 KB)
  PSNR   : Avg: 35.32 | Min: 31.57 | Max: 41.81 | 50%: 35.41 | 90%: 37.96 | SD:  2.07
  SSIM   : Avg: 0.9044 | Min: 0.8318 | Max: 0.9717 | 50%: 0.9112 | 90%: 0.9418 | SD: 0.0324
---------------
