Building for production...
[0/2] Write swift-version--33285C21BD41A109.txt
Build of product 'compare' complete! (0.08s)
--- Settings ---
Input frames   : 1802
Resolution     : 1080x450
Target Bitrate : 500 kbps
Target FPS     : 60
Quality Check  : true
----------------
Warming up (5 frames)...
  -> runVEVC Encoding...
  -> runVEVC Encoded 20403 bytes
  -> runVEVC Decoding...
  -> runVEVC Decoded 5 frames
Warmup complete.

Running vevc (layers)...
  -> runVEVC Encoding...
  -> runVEVC Encoded 2061118 bytes
  -> runVEVC Decoding...
  -> runVEVC Decoded 1802 frames

--- Results ---
[VEVC (Layers)]
  Encode : 3923.08 ms (459.33 fps) - 2.18 ms / frame
  Decode :  667.90 ms (2697.99 fps) - 0.37 ms / frame
  Size   : 2012.81 KB (0.08% of raw 2565738.28 KB)
  PSNR   : Avg: 32.95 | Min: 29.87 | Max: 39.35 | 50%: 32.97 | 90%: 35.33 | SD:  1.74
  SSIM   : Avg: 0.8561 | Min: 0.7536 | Max: 0.9508 | 50%: 0.8677 | 90%: 0.9034 | SD: 0.0441
---------------
