Building for production...
[0/2] Write swift-version--33285C21BD41A109.txt
Build of product 'compare' complete! (0.09s)
--- Settings ---
Input frames   : 1802
Resolution     : 1080x450
Target Bitrate : 3500 kbps
Target FPS     : 60
Quality Check  : true
----------------
Warming up (5 frames)...
  -> runVEVC Encoding...
  -> runVEVC Encoded 99973 bytes
  -> runVEVC Decoding...
  -> runVEVC Decoded 5 frames
Warmup complete.

Running vevc (layers)...
  -> runVEVC Encoding...
  -> runVEVC Encoded 15465974 bytes
  -> runVEVC Decoding...
  -> runVEVC Decoded 1802 frames

--- Results ---
[VEVC (Layers)]
  Encode : 4429.25 ms (406.84 fps) - 2.46 ms / frame
  Decode :  783.94 ms (2298.65 fps) - 0.44 ms / frame
  Size   : 15103.49 KB (0.59% of raw 2565738.28 KB)
  PSNR   : Avg: 39.17 | Min: 35.50 | Max: 46.63 | 50%: 38.71 | 90%: 42.16 | SD:  1.99
  SSIM   : Avg: 0.9504 | Min: 0.9164 | Max: 0.9896 | 50%: 0.9487 | 90%: 0.9739 | SD: 0.0146
---------------
