Building for production...
[0/2] Write swift-version--33285C21BD41A109.txt
Build of product 'compare' complete! (0.08s)
--- Settings ---
Input frames   : 1802
Resolution     : 1080x450
Target Bitrate : 1500 kbps
Target FPS     : 60
Quality Check  : true
----------------
Warming up (5 frames)...
  -> runVEVC Encoding...
  -> runVEVC Encoded 49964 bytes
  -> runVEVC Decoding...
  -> runVEVC Decoded 5 frames
Warmup complete.

Running vevc (layers)...
  -> runVEVC Encoding...
  -> runVEVC Encoded 6447655 bytes
  -> runVEVC Decoding...
  -> runVEVC Decoded 1802 frames

--- Results ---
[VEVC (Layers)]
  Encode : 3830.89 ms (470.39 fps) - 2.13 ms / frame
  Decode :  684.04 ms (2634.34 fps) - 0.38 ms / frame
  Size   : 6296.54 KB (0.25% of raw 2565738.28 KB)
  PSNR   : Avg: 36.54 | Min: 32.85 | Max: 43.43 | 50%: 36.58 | 90%: 39.07 | SD:  2.01
  SSIM   : Avg: 0.9226 | Min: 0.8738 | Max: 0.9797 | 50%: 0.9241 | 90%: 0.9535 | SD: 0.0239
---------------
