Building for production...
[0/2] Write swift-version--33285C21BD41A109.txt
Build of product 'compare' complete! (0.09s)
--- Settings ---
Input frames   : 1802
Resolution     : 1080x450
Target Bitrate : 4500 kbps
Target FPS     : 60
Quality Check  : true
----------------
Warming up (5 frames)...
  -> runVEVC Encoding...
  -> runVEVC Encoded 124370 bytes
  -> runVEVC Decoding...
  -> runVEVC Decoded 5 frames
Warmup complete.

Running vevc (layers)...
  -> runVEVC Encoding...
  -> runVEVC Encoded 19562250 bytes
  -> runVEVC Decoding...
  -> runVEVC Decoded 1802 frames

--- Results ---
[VEVC (Layers)]
  Encode : 4674.03 ms (385.53 fps) - 2.59 ms / frame
  Decode :  790.51 ms (2279.53 fps) - 0.44 ms / frame
  Size   : 19103.76 KB (0.74% of raw 2565738.28 KB)
  PSNR   : Avg: 39.93 | Min: 35.76 | Max: 48.37 | 50%: 39.43 | 90%: 43.60 | SD:  2.43
  SSIM   : Avg: 0.9553 | Min: 0.9138 | Max: 0.9926 | 50%: 0.9544 | 90%: 0.9792 | SD: 0.0167
---------------
