Building for production...
[0/2] Write swift-version--33285C21BD41A109.txt
Build of product 'compare' complete! (0.08s)
--- Settings ---
Input frames   : 1802
Resolution     : 1080x450
Target Bitrate : 2500 kbps
Target FPS     : 60
Quality Check  : true
----------------
Warming up (5 frames)...
  -> runVEVC Encoding...
  -> runVEVC Encoded 76093 bytes
  -> runVEVC Decoding...
  -> runVEVC Decoded 5 frames
Warmup complete.

Running vevc (layers)...
  -> runVEVC Encoding...
  -> runVEVC Encoded 11095301 bytes
  -> runVEVC Decoding...
  -> runVEVC Decoded 1802 frames

--- Results ---
[VEVC (Layers)]
  Encode : 4105.70 ms (438.90 fps) - 2.28 ms / frame
  Decode :  761.65 ms (2365.91 fps) - 0.42 ms / frame
  Size   : 10835.25 KB (0.42% of raw 2565738.28 KB)
  PSNR   : Avg: 38.10 | Min: 33.99 | Max: 45.58 | 50%: 37.94 | 90%: 41.15 | SD:  2.25
  SSIM   : Avg: 0.9396 | Min: 0.8818 | Max: 0.9870 | 50%: 0.9399 | 90%: 0.9680 | SD: 0.0209
---------------
